// Jest Snapshot v1, https://goo.gl/fbAQLP

exports[`Footer snapshot Verify Footer UI 1`] = `
<div
  className="Footer"
>
  <p
    className="Footer-title"
  >
    Platzi Store
  </p>
  <p
    className="Footer-copy"
  >
    Todos los Derechos Reservados
  </p>
</div>
`;
