// Jest Snapshot v1, https://goo.gl/fbAQLP

exports[`Header Snapshot Verify Header UI 1`] = `[Function]`;
